Cloning into '/tmp/cfg23-palomar-release-v1/.cache/palomar-comparator/lean4export'...
From https://github.com/leanprover/lean4export
 * branch            4e7915201d3f9f04470d9eae002fa695f7cdc589 -> FETCH_HEAD
HEAD is now at 4e79152 chore: bump toolchain to v4.32.0 (#41)
Cloning into '/tmp/cfg23-palomar-release-v1/.cache/palomar-comparator/comparator'...
From https://github.com/leanprover/comparator
 * branch            68a064109f01c08f47c8edc9f51d6a2bbffaa188 -> FETCH_HEAD
HEAD is now at 68a0641 Merge pull request #55 from leanprover/uppies
Cloning into '/tmp/cfg23-palomar-release-v1/.cache/palomar-comparator/nanoda'...
From https://github.com/robsimmons/nanoda_lib
 * branch            68d5ca9db226849b41a6fff59d796ff19d0a8840 -> FETCH_HEAD
HEAD is now at 68d5ca9 chore: even more misc. bounds checks
info: lean4export: cloning https://github.com/leanprover/lean4export
info: lean4export: checking out revision 'af5aa64bb914c3c2c781f378088dbd38acf4f804'
✔ [1/4] Built Comparator.Util (1.0s)
✔ [5/16] Built Comparator.Util:c.o (266ms)
✔ [6/16] Built Export.Parse (1.7s)
✔ [7/16] Built Comparator.Axioms (549ms)
✔ [8/16] Built Comparator.Axioms:c.o (329ms)
✔ [9/16] Built Comparator.Compare (581ms)
✔ [10/16] Built Comparator (409ms)
✔ [11/16] Built Comparator.Compare:c.o (463ms)
✔ [12/16] Built Comparator:c.o (60ms)
✔ [13/16] Built Export.Parse:c.o (3.5s)
✔ [14/16] Built Main (5.1s)
✔ [15/16] Built Main:c.o (541ms)
✔ [16/16] Built comparator:exe (1.1s)
Build completed successfully (16 jobs).
✔ [2/6] Built Export (8.5s)
✔ [3/6] Built Main (1.1s)
✔ [4/6] Built Main:c.o (196ms)
✔ [5/6] Built Export:c.o (2.6s)
✔ [6/6] Built lean4export:exe (1.9s)
Build completed successfully (6 jobs).
   Compiling autocfg v1.1.0
   Compiling proc-macro2 v1.0.103
   Compiling unicode-ident v1.0.12
   Compiling serde_core v1.0.228
   Compiling serde v1.0.228
   Compiling serde_json v1.0.145
   Compiling ryu v1.0.20
   Compiling equivalent v1.0.1
   Compiling memchr v2.7.6
   Compiling itoa v1.0.15
   Compiling hashbrown v0.16.1
   Compiling semver v1.0.27
   Compiling rustc-hash v1.1.0
   Compiling num-traits v0.2.17
   Compiling num-bigint v0.4.4
   Compiling indexmap v2.13.0
   Compiling quote v1.0.35
   Compiling syn v2.0.111
   Compiling num-integer v0.1.46
   Compiling serde_derive v1.0.228
   Compiling nanoda_lib v0.4.6-beta (/tmp/cfg23-palomar-release-v1/.cache/palomar-comparator/nanoda)
    Finished `release` profile [optimized] target(s) in 21.23s
info: mathlib: cloning https://github.com/leanprover-community/mathlib4.git
info: mathlib: checking out revision '81a5d257c8e410db227a6665ed08f64fea08e997'
info: plausible: cloning https://github.com/leanprover-community/plausible
info: plausible: checking out revision 'e12c1910fe855cbfc38803cd4e55543906d5fa62'
info: LeanSearchClient: cloning https://github.com/leanprover-community/LeanSearchClient
info: LeanSearchClient: checking out revision 'c5d5b8fe6e5158def25cd28eb94e4141ad97c843'
info: importGraph: cloning https://github.com/leanprover-community/import-graph
info: importGraph: checking out revision '7e9612bf0b9ee66db3cb5b9988a35afc706f5a12'
info: proofwidgets: cloning https://github.com/leanprover-community/ProofWidgets4
info: proofwidgets: checking out revision '6e311e2a844da9b2cc3971187df2fe0066947b93'
info: aesop: cloning https://github.com/leanprover-community/aesop
info: aesop: checking out revision 'a7dbf0c63b694e47f425f3dcddbc0e178bb432d3'
info: Qq: cloning https://github.com/leanprover-community/quote4
info: Qq: checking out revision '38d591e778f100aec9762bb582f9c7f55f50e9dc'
info: batteries: cloning https://github.com/leanprover-community/batteries
info: batteries: checking out revision '023ce7d62a0531e22a5331e20b587817a80d49ff'
info: Cli: cloning https://github.com/leanprover/lean4-cli
info: Cli: checking out revision '88679d088c9720c27ebdf2ba4dafe17341747f94'
✔ [1/5] Built Cache.Cli (383ms)
✔ [2/5] Built Cache.Lean (465ms)
✔ [8/26] Built Cache.Cli:c.o (176ms)
✔ [9/26] Built Cache.Lean:c.o (208ms)
✔ [10/26] Built Cache.Infra (514ms)
✔ [11/26] Built Cache.Infra:c.o (260ms)
✔ [12/26] Built Cache.IO (1.8s)
✔ [13/26] Built Cache.Hashing (1.1s)
✔ [14/26] Built Cache.Hashing:c.o (586ms)
✔ [15/26] Built Cache.IO:c.o (2.0s)
✔ [16/26] Built Cache.Requests (2.6s)
✔ [17/26] Built Cache.Marker (713ms)
✔ [18/26] Built Cache.Marker:c.o (145ms)
✔ [19/26] Built Cache.Query (791ms)
✔ [20/26] Built Cache.Query:c.o (325ms)
✔ [21/26] Built Cache.Warning (862ms)
✔ [22/26] Built Cache.Warning:c.o (282ms)
✔ [23/26] Built Cache.Requests:c.o (3.2s)
✔ [24/26] Built Cache.Main (1.8s)
✔ [25/26] Built Cache.Main:c.o (887ms)
✔ [26/26] Built cache:exe (829ms)
Current branch: HEAD
Using cache from origin: (some leanprover-community/mathlib4)
Decompressing 740 already-cached file(s) (70 already decompressed)
No files to download
Decompressed 740 already-cached file(s)
Completed successfully in 2309 ms!
Building Challenge
⚠ [771/772] Built Challenge (1.2s)
warning: Challenge.lean:32:8: declaration uses `sorry`
Build completed successfully (772 jobs).
Exporting #[Nat, String, String.mk, Char, Char.ofNat, List, Quot, Quot.mk, Quot.lift, Quot.ind, Config23.exists_configuration, propext, Quot.sound, Classical.choice, Nat.add, Nat.sub, Nat.mul, Nat.pow, Nat.gcd, Nat.div, Nat.mod, Nat.beq, Nat.ble, Nat.land, Nat.lor, Nat.xor, Nat.shiftLeft, Nat.shiftRight, String.ofList] from Challenge
Building Solution
ℹ [826/827] Built Solution (38s)
info: Solution.lean:93:0: 'Config23.exists_configuration' depends on axioms: [propext, Classical.choice, Quot.sound]
Build completed successfully (827 jobs).
Exporting #[Nat, String, String.mk, Char, Char.ofNat, List, Quot, Quot.mk, Quot.lift, Quot.ind, Config23.exists_configuration, propext, Quot.sound, Classical.choice, Nat.add, Nat.sub, Nat.mul, Nat.pow, Nat.gcd, Nat.div, Nat.mod, Nat.beq, Nat.ble, Nat.land, Nat.lor, Nat.xor, Nat.shiftLeft, Nat.shiftRight, String.ofList] from Solution
Running nanoda kernel on solution
Nanoda kernel accepts the solution
Running Lean default kernel on solution.
Lean default kernel accepts the solution
Your solution is okay!
