{"cell": "b01-bs01", "mode": "fence", "types": 1361, "fence_valid_types": 1361, "labelled": 2927, "status": "COMPLETE"}
{"cell": "b01-bs01", "mode": "abstract", "types": 8031, "fence_valid_types": 1361, "labelled": 18756, "status": "COMPLETE"}
{"cell": "b01-bs12", "mode": "fence", "types": 693, "fence_valid_types": 693, "labelled": 1374, "status": "COMPLETE"}
{"cell": "b01-bs12", "mode": "abstract", "types": 7623, "fence_valid_types": 693, "labelled": 8304, "status": "COMPLETE"}
{
 "b01-bs01": {
  "fence_types": 1361,
  "abstract_types": 8031,
  "abstract_fence_valid_subset": 1361,
  "abstract_status": "COMPLETE",
  "fence_status": "COMPLETE",
  "fence_digests_subset_of_abstract": true,
  "abstract_fence_valid_equals_fence_set": true,
  "abstract_adds_types_beyond_fence": 6670
 },
 "b01-bs12": {
  "fence_types": 693,
  "abstract_types": 7623,
  "abstract_fence_valid_subset": 693,
  "abstract_status": "COMPLETE",
  "fence_status": "COMPLETE",
  "fence_digests_subset_of_abstract": true,
  "abstract_fence_valid_equals_fence_set": true,
  "abstract_adds_types_beyond_fence": 6930
 }
}
