brute force: 109056 labelled structures, truncated=False (1676s)
{
 "profile": {
  "n": 19,
  "pair_idx": [
   1,
   1,
   3
  ],
  "a": 3,
  "cell": "n19-b01-bs01"
 },
 "brute_force_truncated": false,
 "brute_force_labelled_structures": 109056,
 "brute_force_bare_types": 71,
 "brute_force_fence_valid_types": 9,
 "fence_validity_is_type_level": true,
 "normalised_labelled_structures": 384,
 "normalised_bare_types": 6,
 "gamma_order": 6144,
 "SET_EQUALITY_normalised_vs_bruteforce_fencevalid": false,
 "missing_from_normalised": 3,
 "extra_in_normalised": 0,
 "MULTIPLICITY_gamma_orbit_equals_bruteforce_count": true,
 "A4_premature_prune_variants": {
  "prunes=('bad',)": {
   "labelled": 384,
   "types": 6,
   "same_type_set": true
  },
  "prunes=('omin',)": {
   "labelled": 384,
   "types": 6,
   "same_type_set": true
  },
  "prunes=()": {
   "labelled": 384,
   "types": 6,
   "same_type_set": true
  }
 },
 "abstract_vs_geometric_separation": {
  "types_satisfying_only_the_abstract_axioms": 62,
  "types_also_fence_valid": 9
 },
 "seconds": 1869.0
}
